python : Traceback 
(most recent call 
last):
At line:1 char:1
+ python 
test_import.py > 
error_log.txt 2>&1
+ ~~~~~~~~~~~~~~~~~~~~
~~~~~~~~~~~~~~~~~~~~~~
    + CategoryInfo    
          : NotSpeci  
  fied: (Traceback    
 (most recent call    
 last)::String) [    
], RemoteExceptio    n
    + FullyQualifiedE 
   rrorId : NativeCo  
  mmandError
 
  File "C:\Users\USER\
.gemini\antigravity\sc
ratch\meshark-ai-cv-bu
ilder\backend\venv\Lib
\site-packages\sqlalch
emy\engine\base.py", 
line 143, in __init__
    self._dbapi_connec
tion = engine.raw_conn
ection()
                      
       ~~~~~~~~~~~~~~~
~~~~~~^^
  File "C:\Users\USER\
.gemini\antigravity\sc
ratch\meshark-ai-cv-bu
ilder\backend\venv\Lib
\site-packages\sqlalch
emy\engine\base.py", 
line 3317, in 
raw_connection
    return 
self.pool.connect()
           
~~~~~~~~~~~~~~~~~^^
  File "C:\Users\USER\
.gemini\antigravity\sc
ratch\meshark-ai-cv-bu
ilder\backend\venv\Lib
\site-packages\sqlalch
emy\pool\base.py", 
line 448, in connect
    return _Connection
Fairy._checkout(self)
           ~~~~~~~~~~~
~~~~~~~~~~~~~~~^^^^^^
  File "C:\Users\USER\
.gemini\antigravity\sc
ratch\meshark-ai-cv-bu
ilder\backend\venv\Lib
\site-packages\sqlalch
emy\pool\base.py", 
line 1272, in 
_checkout
    fairy = _Connectio
nRecord.checkout(pool)
  File "C:\Users\USER\
.gemini\antigravity\sc
ratch\meshark-ai-cv-bu
ilder\backend\venv\Lib
\site-packages\sqlalch
emy\pool\base.py", 
line 712, in checkout
    rec = 
pool._do_get()
  File "C:\Users\USER\
.gemini\antigravity\sc
ratch\meshark-ai-cv-bu
ilder\backend\venv\Lib
\site-packages\sqlalch
emy\pool\impl.py", 
line 177, in _do_get
    with 
util.safe_reraise():
         
~~~~~~~~~~~~~~~~~^^
  File "C:\Users\USER\
.gemini\antigravity\sc
ratch\meshark-ai-cv-bu
ilder\backend\venv\Lib
\site-packages\sqlalch
emy\util\langhelpers.p
y", line 121, in 
__exit__
    raise exc_value.wi
th_traceback(exc_tb)
  File "C:\Users\USER\
.gemini\antigravity\sc
ratch\meshark-ai-cv-bu
ilder\backend\venv\Lib
\site-packages\sqlalch
emy\pool\impl.py", 
line 175, in _do_get
    return self._creat
e_connection()
           ~~~~~~~~~~~
~~~~~~~~~~~~^^
  File "C:\Users\USER\
.gemini\antigravity\sc
ratch\meshark-ai-cv-bu
ilder\backend\venv\Lib
\site-packages\sqlalch
emy\pool\base.py", 
line 389, in 
_create_connection
    return _Connection
Record(self)
  File "C:\Users\USER\
.gemini\antigravity\sc
ratch\meshark-ai-cv-bu
ilder\backend\venv\Lib
\site-packages\sqlalch
emy\pool\base.py", 
line 674, in __init__
    self.__connect()
    ~~~~~~~~~~~~~~^^
  File "C:\Users\USER\
.gemini\antigravity\sc
ratch\meshark-ai-cv-bu
ilder\backend\venv\Lib
\site-packages\sqlalch
emy\pool\base.py", 
line 900, in __connect
    with 
util.safe_reraise():
         
~~~~~~~~~~~~~~~~~^^
  File "C:\Users\USER\
.gemini\antigravity\sc
ratch\meshark-ai-cv-bu
ilder\backend\venv\Lib
\site-packages\sqlalch
emy\util\langhelpers.p
y", line 121, in 
__exit__
    raise exc_value.wi
th_traceback(exc_tb)
  File "C:\Users\USER\
.gemini\antigravity\sc
ratch\meshark-ai-cv-bu
ilder\backend\venv\Lib
\site-packages\sqlalch
emy\pool\base.py", 
line 896, in __connect
    
self.dbapi_connection 
= connection = pool._i
nvoke_creator(self)
                      
                   ~~~
~~~~~~~~~~~~~~~~~^^^^^
^
  File "C:\Users\USER\
.gemini\antigravity\sc
ratch\meshark-ai-cv-bu
ilder\backend\venv\Lib
\site-packages\sqlalch
emy\engine\create.py",
 line 661, in connect
    return dialect.con
nect(*cargs, 
**cparams)
           ~~~~~~~~~~~
~~~~^^^^^^^^^^^^^^^^^^
^
  File "C:\Users\USER\
.gemini\antigravity\sc
ratch\meshark-ai-cv-bu
ilder\backend\venv\Lib
\site-packages\sqlalch
emy\engine\default.py"
, line 630, in connect
    return self.loaded
_dbapi.connect(*cargs,
 **cparams)  # type: 
ignore[no-any-return] 
 # NOQA: E501
           ~~~~~~~~~~~
~~~~~~~~~~~~~~^^^^^^^^
^^^^^^^^^^^
  File "C:\Users\USER\
.gemini\antigravity\sc
ratch\meshark-ai-cv-bu
ilder\backend\venv\Lib
\site-packages\psycopg
2\__init__.py", line 
135, in connect
    conn = 
_connect(dsn, connecti
on_factory=connection_
factory, **kwasync)
psycopg2.OperationalEr
ror: could not 
translate host name "d
b.adiwyurvoixtngiymuov
.supabase.co" to 
address: Name or 
service not known


The above exception 
was the direct cause 
of the following 
exception:

Traceback (most 
recent call last):
  File "C:\Users\USER\
.gemini\antigravity\sc
ratch\meshark-ai-cv-bu
ilder\backend\test_imp
ort.py", line 3, in 
<module>
    import main
  File "C:\Users\USER\
.gemini\antigravity\sc
ratch\meshark-ai-cv-bu
ilder\backend\main.py"
, line 18, in <module>
    Base.metadata.crea
te_all(bind=engine)
    ~~~~~~~~~~~~~~~~~~
~~~~~~^^^^^^^^^^^^^
Error caught:
  File "C:\Users\USER\
.gemini\antigravity\sc
ratch\meshark-ai-cv-bu
ilder\backend\venv\Lib
\site-packages\sqlalch
emy\sql\schema.py", 
line 5928, in 
create_all
    
bind._run_ddl_visitor(
    
~~~~~~~~~~~~~~~~~~~~~^
        
ddl.SchemaGenerator, 
self, checkfirst=check
first, tables=tables
        ^^^^^^^^^^^^^^
^^^^^^^^^^^^^^^^^^^^^^
^^^^^^^^^^^^^^^^^^^^^^
^^^^^
    )
    ^
  File "C:\Users\USER\
.gemini\antigravity\sc
ratch\meshark-ai-cv-bu
ilder\backend\venv\Lib
\site-packages\sqlalch
emy\engine\base.py", 
line 3267, in 
_run_ddl_visitor
    with self.begin() 
as conn:
         ~~~~~~~~~~^^
  File "C:\Python313\L
ib\contextlib.py", 
line 141, in __enter__
    return 
next(self.gen)
  File "C:\Users\USER\
.gemini\antigravity\sc
ratch\meshark-ai-cv-bu
ilder\backend\venv\Lib
\site-packages\sqlalch
emy\engine\base.py", 
line 3257, in begin
    with 
self.connect() as 
conn:
         
~~~~~~~~~~~~^^
  File "C:\Users\USER\
.gemini\antigravity\sc
ratch\meshark-ai-cv-bu
ilder\backend\venv\Lib
\site-packages\sqlalch
emy\engine\base.py", 
line 3293, in connect
    return self._conne
ction_cls(self)
           ~~~~~~~~~~~
~~~~~~~~~^^^^^^
  File "C:\Users\USER\
.gemini\antigravity\sc
ratch\meshark-ai-cv-bu
ilder\backend\venv\Lib
\site-packages\sqlalch
emy\engine\base.py", 
line 145, in __init__
    Connection._handle
_dbapi_exception_nocon
nection(
    ~~~~~~~~~~~~~~~~~~
~~~~~~~~~~~~~~~~~~~~~~
~~~~~~~^
        err, dialect, 
engine
        
^^^^^^^^^^^^^^^^^^^^
    )
    ^
  File "C:\Users\USER\
.gemini\antigravity\sc
ratch\meshark-ai-cv-bu
ilder\backend\venv\Lib
\site-packages\sqlalch
emy\engine\base.py", 
line 2448, in _handle_
dbapi_exception_noconn
ection
    raise sqlalchemy_e
xception.with_tracebac
k(exc_info[2]) from e
  File "C:\Users\USER\
.gemini\antigravity\sc
ratch\meshark-ai-cv-bu
ilder\backend\venv\Lib
\site-packages\sqlalch
emy\engine\base.py", 
line 143, in __init__
    self._dbapi_connec
tion = engine.raw_conn
ection()
                      
       ~~~~~~~~~~~~~~~
~~~~~~^^
  File "C:\Users\USER\
.gemini\antigravity\sc
ratch\meshark-ai-cv-bu
ilder\backend\venv\Lib
\site-packages\sqlalch
emy\engine\base.py", 
line 3317, in 
raw_connection
    return 
self.pool.connect()
           
~~~~~~~~~~~~~~~~~^^
  File "C:\Users\USER\
.gemini\antigravity\sc
ratch\meshark-ai-cv-bu
ilder\backend\venv\Lib
\site-packages\sqlalch
emy\pool\base.py", 
line 448, in connect
    return _Connection
Fairy._checkout(self)
           ~~~~~~~~~~~
~~~~~~~~~~~~~~~^^^^^^
  File "C:\Users\USER\
.gemini\antigravity\sc
ratch\meshark-ai-cv-bu
ilder\backend\venv\Lib
\site-packages\sqlalch
emy\pool\base.py", 
line 1272, in 
_checkout
    fairy = _Connectio
nRecord.checkout(pool)
  File "C:\Users\USER\
.gemini\antigravity\sc
ratch\meshark-ai-cv-bu
ilder\backend\venv\Lib
\site-packages\sqlalch
emy\pool\base.py", 
line 712, in checkout
    rec = 
pool._do_get()
  File "C:\Users\USER\
.gemini\antigravity\sc
ratch\meshark-ai-cv-bu
ilder\backend\venv\Lib
\site-packages\sqlalch
emy\pool\impl.py", 
line 177, in _do_get
    with 
util.safe_reraise():
         
~~~~~~~~~~~~~~~~~^^
  File "C:\Users\USER\
.gemini\antigravity\sc
ratch\meshark-ai-cv-bu
ilder\backend\venv\Lib
\site-packages\sqlalch
emy\util\langhelpers.p
y", line 121, in 
__exit__
    raise exc_value.wi
th_traceback(exc_tb)
  File "C:\Users\USER\
.gemini\antigravity\sc
ratch\meshark-ai-cv-bu
ilder\backend\venv\Lib
\site-packages\sqlalch
emy\pool\impl.py", 
line 175, in _do_get
    return self._creat
e_connection()
           ~~~~~~~~~~~
~~~~~~~~~~~~^^
  File "C:\Users\USER\
.gemini\antigravity\sc
ratch\meshark-ai-cv-bu
ilder\backend\venv\Lib
\site-packages\sqlalch
emy\pool\base.py", 
line 389, in 
_create_connection
    return _Connection
Record(self)
  File "C:\Users\USER\
.gemini\antigravity\sc
ratch\meshark-ai-cv-bu
ilder\backend\venv\Lib
\site-packages\sqlalch
emy\pool\base.py", 
line 674, in __init__
    self.__connect()
    ~~~~~~~~~~~~~~^^
  File "C:\Users\USER\
.gemini\antigravity\sc
ratch\meshark-ai-cv-bu
ilder\backend\venv\Lib
\site-packages\sqlalch
emy\pool\base.py", 
line 900, in __connect
    with 
util.safe_reraise():
         
~~~~~~~~~~~~~~~~~^^
  File "C:\Users\USER\
.gemini\antigravity\sc
ratch\meshark-ai-cv-bu
ilder\backend\venv\Lib
\site-packages\sqlalch
emy\util\langhelpers.p
y", line 121, in 
__exit__
    raise exc_value.wi
th_traceback(exc_tb)
  File "C:\Users\USER\
.gemini\antigravity\sc
ratch\meshark-ai-cv-bu
ilder\backend\venv\Lib
\site-packages\sqlalch
emy\pool\base.py", 
line 896, in __connect
    
self.dbapi_connection 
= connection = pool._i
nvoke_creator(self)
                      
                   ~~~
~~~~~~~~~~~~~~~~~^^^^^
^
  File "C:\Users\USER\
.gemini\antigravity\sc
ratch\meshark-ai-cv-bu
ilder\backend\venv\Lib
\site-packages\sqlalch
emy\engine\create.py",
 line 661, in connect
    return dialect.con
nect(*cargs, 
**cparams)
           ~~~~~~~~~~~
~~~~^^^^^^^^^^^^^^^^^^
^
  File "C:\Users\USER\
.gemini\antigravity\sc
ratch\meshark-ai-cv-bu
ilder\backend\venv\Lib
\site-packages\sqlalch
emy\engine\default.py"
, line 630, in connect
    return self.loaded
_dbapi.connect(*cargs,
 **cparams)  # type: 
ignore[no-any-return] 
 # NOQA: E501
           ~~~~~~~~~~~
~~~~~~~~~~~~~~^^^^^^^^
^^^^^^^^^^^
  File "C:\Users\USER\
.gemini\antigravity\sc
ratch\meshark-ai-cv-bu
ilder\backend\venv\Lib
\site-packages\psycopg
2\__init__.py", line 
135, in connect
    conn = 
_connect(dsn, connecti
on_factory=connection_
factory, **kwasync)
sqlalchemy.exc.Operati
onalError: (psycopg2.O
perationalError) 
could not translate 
host name "db.adiwyurv
oixtngiymuov.supabase.
co" to address: Name 
or service not known

(Background on this 
error at: https://sqla
lche.me/e/20/e3q8)
